// Jest Snapshot v1, https://goo.gl/fbAQLP

exports[`Form Component matches a snapshot 1`] = `
<ContextProvider
  value={
    Object {
      "history": Array [],
      "jsonBody": "",
      "method": "GET",
      "onChange": [Function],
      "onSubmit": [Function],
      "response": Object {},
      "url": "",
    }
  }
>
  <Form
    jsonBody="{}"
    onChange={[Function]}
    onSubmit={[Function]}
    url="https://github.com/janellemellor"
  />
</ContextProvider>
`;
