// Jest Snapshot v1, https://goo.gl/fbAQLP

exports[`RadioButton Component matches a snapshot 1`] = `
<Fragment>
  <input
    name="methods"
    onInputChange={[Function]}
    type="radio"
    value="POST"
  />
  <label
    htmlFor="POST"
  >
    POST
    &gt;
  </label>
</Fragment>
`;
