// Jest Snapshot v1, https://goo.gl/fbAQLP

exports[`App component renders App 1`] = `
<RESTyProvider>
  <Form />
  <Response />
  <History />
</RESTyProvider>
`;
